SQL> SPOOL
currently spooling to P5.lst
SQL> SELECT A FROM ASIGNATURA
  2  NATURAL JOIN AREA
  3  WHERE AR LIKE 'A%';

A                                                                               
--------------------------------------------------                              
ALGEBRA                                                                         
ANALISIS COMPLEJO                                                               
ASTRONOMIA                                                                      

SQL> SELECT A
  2  FROM ASIGNATURA NATURAL JOIN AREA
  3  WHERE AR LIKE '%A';

A                                                                               
--------------------------------------------------                              
ALGEBRA                                                                         
ASTRONOMIA                                                                      
ENSENANZA DE LA MATEMATICA                                                      
OPTIMIZACION                                                                    
CALCULO                                                                         

SQL> SELECT A
  2  FROM ASIGNATURA
  3  WHERE A LIKE '%DATOS%';

A                                                                               
--------------------------------------------------                              
BASES DE DATOS                                                                  
ALMACENES DE DATOS                                                              
MINERIA DE DATOS                                                                

SQL> SELECT DNI
  2  FROM PROFESOR
  3  WHERE P LIKE '__R%';

       DNI                                                                      
----------                                                                      
      4040                                                                      
      5050                                                                      
      2222                                                                      
      4444                                                                      
      6666                                                                      
      7777                                                                      

6 rows selected.

SQL> SELECT DNI
  2  FROM PROFESOR
  3  WHERE
  4  
SQL> SELECT UNIQUE DNI
  2  FROM PROFESOR
  3  WHERE P LIKE '%[A-Z]%' AND LEN(P)<=5;
WHERE P LIKE '%[A-Z]%' AND LEN(P)<=5
                           *
ERROR at line 3:
ORA-00904: "LEN": invalid identifier 


SQL> SELECT UNIQUE DNI
  2  FROM PROFESOR
  3  WHERE LEN(P)<=5;
WHERE LEN(P)<=5
      *
ERROR at line 3:
ORA-00904: "LEN": invalid identifier 


SQL> SELECT UNIQUE DNI
  2  FROM PROFESOR
  3  WHERE LENGTH(P)<=5;

       DNI                                                                      
----------                                                                      
      1111                                                                      
      3333                                                                      
      4444                                                                      
      5555                                                                      
      7777                                                                      
      1010                                                                      

6 rows selected.

SQL> SELECT UNIQUE DNI
  2  FROM PROFESOR
  3  WHERE LENGTH(P)>=5;

       DNI                                                                      
----------                                                                      
      4040                                                                      
      5050                                                                      
      2222                                                                      
      3333                                                                      
      4444                                                                      
      6666                                                                      
      7777                                                                      
      8888                                                                      
      9999                                                                      
      1010                                                                      
      2020                                                                      

       DNI                                                                      
----------                                                                      
      3030                                                                      

12 rows selected.

SQL> SELECT P
  2  FROM PROFESOR
  3  NATURAL JOIN PLAN_DOCENTE
  4  WHERE FF = NULL;

no rows selected

SQL> SELECT P
  2  FROM PROFESOR
  3  NATURAL JOIN PLAN_DOCENTE
  4  WHERE FF = 'NULL';
WHERE FF = 'NULL'
           *
ERROR at line 4:
ORA-01858: a non-numeric character was found where a numeric was expected 


SQL> SELECT P
  2  FROM PROFESOR
  3  NATURAL JOIN PLAN_DOCENTE
  4  WHERE FF IS  NULL;

P                                                                               
------------------------------------------------------------                    
JUAN                                                                            
CARLOS                                                                          
PEDRO                                                                           
PEDRO                                                                           
MARIA                                                                           
MARIA                                                                           
IVAN                                                                            
MARIO                                                                           
FRANCISCO                                                                       
ANGELA                                                                          
DAVID                                                                           

P                                                                               
------------------------------------------------------------                    
SOLEDAD                                                                         
JOSE MANUEL                                                                     

13 rows selected.

SQL> SELECT P
  2  FROM PROFESOR
  3  NATURAL JOIN PLAN_DOCENTE
  4  WHERE CAS=8;

P                                                                               
------------------------------------------------------------                    
JUAN                                                                            
JUAN                                                                            
JOSE MANUEL                                                                     

SQL> SELECT *
  2  FROM PLAN_DOCENTE
  3  ORDER BY FF ASC;

       DNI        CAS        CTA        CPA        CLA FI        FF             
---------- ---------- ---------- ---------- ---------- --------- ---------      
      2222          3        1.5          0        1.5 01-SEP-06 31-AUG-07      
      1010          2        1.5        1.5          3 01-SEP-05 31-AUG-08      
      4444          4        1.5          0        1.5 01-SEP-08 31-AUG-09      
      1010          9          3          0          3 01-SEP-08 31-AUG-09      
      1111          8          3        1.5        1.5 01-SEP-07 31-AUG-09      
      6666         10          3        1.5        1.5 01-SEP-08 31-AUG-11      
      1010          9        1.5          0        1.5 01-SEP-09                
      9999          7          3          3          0 01-SEP-10                
      5555          6          3          3          0 31-MAR-10                
      8888         11          6          0          0 01-SEP-09                
      2020          3        1.5          0        1.5 01-SEP-08                

       DNI        CAS        CTA        CPA        CLA FI        FF             
---------- ---------- ---------- ---------- ---------- --------- ---------      
      7777         12        4.5          3          0 01-SEP-10                
      3333          9        1.5          0        1.5 01-SEP-09                
      2222          4        1.5          0        1.5 01-SEP-09                
      3030          8          0        1.5        1.5 01-SEP-09                
      1111          8          3          0          0 01-SEP-09                
      4444          4        1.5          0          0 01-SEP-10                
      4444          1          3        1.5        1.5 01-SEP-11                
      3333          2        1.5        1.5          3 01-SEP-08                

19 rows selected.

SQL> SELECT *
  2  FROM PLAN_DOCENTE
  3  ORDER BY FF DES;
ORDER BY FF DES
            *
ERROR at line 3:
ORA-00933: SQL command not properly ended 


SQL> SELECT *
  2  FROM PLAN_DOCENTE
  3  ORDER BY FF DESC;

       DNI        CAS        CTA        CPA        CLA FI        FF             
---------- ---------- ---------- ---------- ---------- --------- ---------      
      4444          1          3        1.5        1.5 01-SEP-11                
      3333          2        1.5        1.5          3 01-SEP-08                
      7777         12        4.5          3          0 01-SEP-10                
      2020          3        1.5          0        1.5 01-SEP-08                
      8888         11          6          0          0 01-SEP-09                
      5555          6          3          3          0 31-MAR-10                
      9999          7          3          3          0 01-SEP-10                
      4444          4        1.5          0          0 01-SEP-10                
      1111          8          3          0          0 01-SEP-09                
      3030          8          0        1.5        1.5 01-SEP-09                
      2222          4        1.5          0        1.5 01-SEP-09                

       DNI        CAS        CTA        CPA        CLA FI        FF             
---------- ---------- ---------- ---------- ---------- --------- ---------      
      3333          9        1.5          0        1.5 01-SEP-09                
      1010          9        1.5          0        1.5 01-SEP-09                
      6666         10          3        1.5        1.5 01-SEP-08 31-AUG-11      
      1010          9          3          0          3 01-SEP-08 31-AUG-09      
      1111          8          3        1.5        1.5 01-SEP-07 31-AUG-09      
      4444          4        1.5          0        1.5 01-SEP-08 31-AUG-09      
      1010          2        1.5        1.5          3 01-SEP-05 31-AUG-08      
      2222          3        1.5          0        1.5 01-SEP-06 31-AUG-07      

19 rows selected.

SQL> SELECT P
  2  FROM PROFESOR NATURAL JOIN PLAN_DOCENTE
  3  ORDER BY ASC IN (SELECT CAS
  4  FROM ASIGNATURA
  5  WHERE T='GII' AND A='OPTIMIZACION');
ORDER BY ASC IN (SELECT CAS
         *
ERROR at line 3:
ORA-00936: missing expression 


SQL> SELECT P
  2  FROM PROFESOR NATURAL JOIN PLAN_DOCENTE
  3  ORDER BY CAS ASC IN (SELECT CAS
  4  FROM ASIGNATURA
  5  WHERE T='GII' AND A='OPTIMIZACION');
ORDER BY CAS ASC IN (SELECT CAS
                 *
ERROR at line 3:
ORA-00933: SQL command not properly ended 


SQL> SELECT P
  2  FROM PROFESOR NATURAL JOIN PLAN_DOCENTE
  3  ORDER BY CAS ASC (SELECT CAS
  4  FROM ASIGNATURA
  5  WHERE T='GII' AND A='OPTIMIZACION');
ORDER BY CAS ASC (SELECT CAS
                 *
ERROR at line 3:
ORA-00933: SQL command not properly ended 


SQL> SELECT P
  2  FROM PROFESOR
  3  WHERE (SELECR DNI
  4  FROM PLAN_DOCENTE
  5  WHERE CAS=6);
WHERE (SELECR DNI
              *
ERROR at line 3:
ORA-00920: invalid relational operator 


SQL> SELECT P
  2  FROM PROFESOR INNER JOIN ON PLAN_DOCENTE;
FROM PROFESOR INNER JOIN ON PLAN_DOCENTE
                         *
ERROR at line 2:
ORA-00903: invalid table name 


SQL> SELECT P
  2  FROM PROFESOR INNER JOIN PLAN_DOCENTE ON DNI;
FROM PROFESOR INNER JOIN PLAN_DOCENTE ON DNI
                                           *
ERROR at line 2:
ORA-00920: invalid relational operator 


SQL> SELECT P
  2  FROM PROFESOR NATURAL JOIN PLAN_DOCENTE
  3  ORDER BY CAS ASC AND (SELECT CAS
  4  FROM ASIGNATURA
  5  WHERE T='GII' AND A='OPTIMIZACION');
ORDER BY CAS ASC AND (SELECT CAS
                 *
ERROR at line 3:
ORA-00933: SQL command not properly ended 


SQL> SELECT P
  2  FROM PROFESOR NATURAL JOIN PLAN_DOCENTE
  3  WHERE CAS=6;

P                                                                               
------------------------------------------------------------                    
IVAN                                                                            

SQL> spool off
