SQL> ls
SP2-0042: unknown command "ls" - rest of line ignored.
SQL> spool
currently spooling to p5.lst
SQL> SELECT A
  2  FROM ASIGNATURA
  3  WHERE (SELECT AR
  4  FROM AREA
  5  WHERE AR='A*');
WHERE AR='A*')
             *
ERROR at line 5:
ORA-00936: missing expression 


SQL> SELECT A
  2  FROM ASIGNATURA
  3  WHERE (SELECT AR
  4  FROM AREA
  5  WHERE AR='A');
WHERE AR='A')
            *
ERROR at line 5:
ORA-00936: missing expression 


SQL> SELECT AS
  2  FROM ASIGNATURA
  3  WHER
  4  
SQL> SELECT AS
  2  FROM ASIGNATURA NATURAL JOIN AREA
  3  WHERE (AR LIKE '%A'
  4  );
SELECT AS
       *
ERROR at line 1:
ORA-00936: missing expression 


SQL> SELECT A
  2  FROM ASIGNATURA NATURAL JOIN AREA
  3  WHERE (AR LIKE '%A');

A                                                                               
--------------------------------------------------                              
ALGEBRA                                                                         
ASTRONOMIA                                                                      
ENSENANZA DE LA MATEMATICA                                                      
OPTIMIZACION                                                                    
CALCULO                                                                         

SQL> SELECT A
  2  
SQL> SELECT A
  2  FROM ASIGNATURA JOIN AREA
  3  WHERE(AR LIKE'%A');
WHERE(AR LIKE'%A')
*
ERROR at line 3:
ORA-00905: missing keyword 


SQL> SELECT A
  2  FROM ASIGNATURA JOIN AREA
  3  WHERE(AR LIKE '%A');
WHERE(AR LIKE '%A')
*
ERROR at line 3:
ORA-00905: missing keyword 


SQL> SELECT A
  2  FROM ASIGNATURA JOIN AREA
  3  WHERE(AR='%A');
WHERE(AR='%A')
*
ERROR at line 3:
ORA-00905: missing keyword 


SQL> SELECT A
  2  FROM ASIGNATURA CROSS JOIN AREA
  3  WHERE(AR='%A');

no rows selected

SQL> SELECT A
  2  FROM ASIGNATURA
  3  WHERE A LIKE '%A';

A                                                                               
--------------------------------------------------                              
INFORMATICA BASICA                                                              
ALGEBRA                                                                         
ASTRONOMIA                                                                      
ENSENANZA DE LA MATEMATICA                                                      

SQL> SELECT A
  2  FROM ASIGNATURA
  3  WHERE A LIKE 'A%';

A                                                                               
--------------------------------------------------                              
ALMACENES DE DATOS                                                              
ALGEBRA                                                                         
ASTRONOMIA                                                                      
ANALISIS COMPLEJO                                                               

SQL> SELECT A
  2  FROM ASIGNATURA
  3  WHERE (SELECT AR
  4  FROM AREA
  5  WHERE AR LIKE 'A%');
WHERE AR LIKE 'A%')
                  *
ERROR at line 5:
ORA-00936: missing expression 


SQL> SELECT A
  2  FROM ASIGNATURA
  3  NATURAL JOIN AREA
  4  WHERE AR LIKE 'A%';

A                                                                               
--------------------------------------------------                              
ALGEBRA                                                                         
ANALISIS COMPLEJO                                                               
ASTRONOMIA                                                                      

SQL> SPOOL OFF
