SQL> spool
currently spooling to p7.lst
SQL> SELECT *
  2  FROM PROFESOR;

       DNI P                                                                    
---------- ------------------------------------------------------------         
       CAR CAT                                                                  
---------- -----                                                                
      4040 CARMELO                                                              
         7 TU                                                                   
                                                                                
      5050 CARINA                                                               
         8 CEU                                                                  
                                                                                
      1111 JUAN                                                                 
         6 CU                                                                   
                                                                                

       DNI P                                                                    
---------- ------------------------------------------------------------         
       CAR CAT                                                                  
---------- -----                                                                
      2222 CARLOS                                                               
         7 TU                                                                   
                                                                                
      3333 PEDRO                                                                
         4 TEU                                                                  
                                                                                
      4444 MARIA                                                                
         7 TU                                                                   
                                                                                

       DNI P                                                                    
---------- ------------------------------------------------------------         
       CAR CAT                                                                  
---------- -----                                                                
      5555 IVAN                                                                 
         1 CEU                                                                  
                                                                                
      6666 CARMEN                                                               
         3 CD                                                                   
                                                                                
      7777 MARIO                                                                
         2 TU                                                                   
                                                                                

       DNI P                                                                    
---------- ------------------------------------------------------------         
       CAR CAT                                                                  
---------- -----                                                                
      8888 FRANCISCO                                                            
         5 TU                                                                   
                                                                                
      9999 ANGELA                                                               
         8 TEU                                                                  
                                                                                
      1010 DAVID                                                                
         4 TU                                                                   
                                                                                

       DNI P                                                                    
---------- ------------------------------------------------------------         
       CAR CAT                                                                  
---------- -----                                                                
      2020 SOLEDAD                                                              
         7 CU                                                                   
                                                                                
      3030 JOSE MANUEL                                                          
         6 TEU                                                                  
                                                                                

14 rows selected.

SQL> SELECT *
  2  FROM PROFESOR WHERE DNI=4040;

       DNI P                                                                    
---------- ------------------------------------------------------------         
       CAR CAT                                                                  
---------- -----                                                                
      4040 CARMELO                                                              
         7 TU                                                                   
                                                                                

SQL> DELETE FROM TABLE PROFESOR
  2  WHERE DNI=4040;
DELETE FROM TABLE PROFESOR
            *
ERROR at line 1:
ORA-00903: invalid table name 


SQL> DELETE FROM PROFESOR
  2  WHERE DNI=4040;

1 row deleted.

SQL> SET LINESIZE 40
SQL> SELECT *
  2  FROM PROFESOR;

       DNI                              
----------                              
P                                       
----------------------------------------
       CAR CAT                          
---------- -----                        
      5050                              
CARINA                                  
         8 CEU                          
                                        
      1111                              
JUAN                                    
         6 CU                           

       DNI                              
----------                              
P                                       
----------------------------------------
       CAR CAT                          
---------- -----                        
                                        
      2222                              
CARLOS                                  
         7 TU                           
                                        
      3333                              
PEDRO                                   

       DNI                              
----------                              
P                                       
----------------------------------------
       CAR CAT                          
---------- -----                        
         4 TEU                          
                                        
      4444                              
MARIA                                   
         7 TU                           
                                        
      5555                              

       DNI                              
----------                              
P                                       
----------------------------------------
       CAR CAT                          
---------- -----                        
IVAN                                    
         1 CEU                          
                                        
      6666                              
CARMEN                                  
         3 CD                           
                                        

       DNI                              
----------                              
P                                       
----------------------------------------
       CAR CAT                          
---------- -----                        
      7777                              
MARIO                                   
         2 TU                           
                                        
      8888                              
FRANCISCO                               
         5 TU                           

       DNI                              
----------                              
P                                       
----------------------------------------
       CAR CAT                          
---------- -----                        
                                        
      9999                              
ANGELA                                  
         8 TEU                          
                                        
      1010                              
DAVID                                   

       DNI                              
----------                              
P                                       
----------------------------------------
       CAR CAT                          
---------- -----                        
         4 TU                           
                                        
      2020                              
SOLEDAD                                 
         7 CU                           
                                        
      3030                              

       DNI                              
----------                              
P                                       
----------------------------------------
       CAR CAT                          
---------- -----                        
JOSE MANUEL                             
         6 TEU                          
                                        

13 rows selected.

SQL> SET LINESIZE 200;
SQL> SELECT *
  2  FROM PROFESOR;

       DNI P                                                                   CAR CAT                                                                                                                  
---------- ------------------------------------------------------------ ---------- -----                                                                                                                
      5050 CARINA                                                                8 CEU                                                                                                                  
      1111 JUAN                                                                  6 CU                                                                                                                   
      2222 CARLOS                                                                7 TU                                                                                                                   
      3333 PEDRO                                                                 4 TEU                                                                                                                  
      4444 MARIA                                                                 7 TU                                                                                                                   
      5555 IVAN                                                                  1 CEU                                                                                                                  
      6666 CARMEN                                                                3 CD                                                                                                                   
      7777 MARIO                                                                 2 TU                                                                                                                   
      8888 FRANCISCO                                                             5 TU                                                                                                                   
      9999 ANGELA                                                                8 TEU                                                                                                                  
      1010 DAVID                                                                 4 TU                                                                                                                   

       DNI P                                                                   CAR CAT                                                                                                                  
---------- ------------------------------------------------------------ ---------- -----                                                                                                                
      2020 SOLEDAD                                                               7 CU                                                                                                                   
      3030 JOSE MANUEL                                                           6 TEU                                                                                                                  

13 rows selected.

SQL> DELETE FROM PROFESOR WHERE DNI=5050;

1 row deleted.

SQL> SELECT *
  2  FROM PROFESOR;

       DNI P                                                                   CAR CAT                                                                                                                  
---------- ------------------------------------------------------------ ---------- -----                                                                                                                
      1111 JUAN                                                                  6 CU                                                                                                                   
      2222 CARLOS                                                                7 TU                                                                                                                   
      3333 PEDRO                                                                 4 TEU                                                                                                                  
      4444 MARIA                                                                 7 TU                                                                                                                   
      5555 IVAN                                                                  1 CEU                                                                                                                  
      6666 CARMEN                                                                3 CD                                                                                                                   
      7777 MARIO                                                                 2 TU                                                                                                                   
      8888 FRANCISCO                                                             5 TU                                                                                                                   
      9999 ANGELA                                                                8 TEU                                                                                                                  
      1010 DAVID                                                                 4 TU                                                                                                                   
      2020 SOLEDAD                                                               7 CU                                                                                                                   

       DNI P                                                                   CAR CAT                                                                                                                  
---------- ------------------------------------------------------------ ---------- -----                                                                                                                
      3030 JOSE MANUEL                                                           6 TEU                                                                                                                  

12 rows selected.

SQL> INSERT INTO PROFESOR
  2  VALUES(4040,'CARMELO',7,'TU');

1 row created.

SQL> SELECT *
  2  FROM PROFESOR;

       DNI P                                                                   CAR CAT                                                                                                                  
---------- ------------------------------------------------------------ ---------- -----                                                                                                                
      1111 JUAN                                                                  6 CU                                                                                                                   
      2222 CARLOS                                                                7 TU                                                                                                                   
      3333 PEDRO                                                                 4 TEU                                                                                                                  
      4444 MARIA                                                                 7 TU                                                                                                                   
      5555 IVAN                                                                  1 CEU                                                                                                                  
      6666 CARMEN                                                                3 CD                                                                                                                   
      7777 MARIO                                                                 2 TU                                                                                                                   
      8888 FRANCISCO                                                             5 TU                                                                                                                   
      9999 ANGELA                                                                8 TEU                                                                                                                  
      1010 DAVID                                                                 4 TU                                                                                                                   
      2020 SOLEDAD                                                               7 CU                                                                                                                   

       DNI P                                                                   CAR CAT                                                                                                                  
---------- ------------------------------------------------------------ ---------- -----                                                                                                                
      3030 JOSE MANUEL                                                           6 TEU                                                                                                                  
      4040 CARMELO                                                               7 TU                                                                                                                   

13 rows selected.

SQL> ROLLBACK;

Rollback complete.

SQL> SELECT *
  2  FROM PROFESOR;

       DNI P                                                                   CAR CAT                                                                                                                  
---------- ------------------------------------------------------------ ---------- -----                                                                                                                
      4040 CARMELO                                                               7 TU                                                                                                                   
      5050 CARINA                                                                8 CEU                                                                                                                  
      1111 JUAN                                                                  6 CU                                                                                                                   
      2222 CARLOS                                                                7 TU                                                                                                                   
      3333 PEDRO                                                                 4 TEU                                                                                                                  
      4444 MARIA                                                                 7 TU                                                                                                                   
      5555 IVAN                                                                  1 CEU                                                                                                                  
      6666 CARMEN                                                                3 CD                                                                                                                   
      7777 MARIO                                                                 2 TU                                                                                                                   
      8888 FRANCISCO                                                             5 TU                                                                                                                   
      9999 ANGELA                                                                8 TEU                                                                                                                  

       DNI P                                                                   CAR CAT                                                                                                                  
---------- ------------------------------------------------------------ ---------- -----                                                                                                                
      1010 DAVID                                                                 4 TU                                                                                                                   
      2020 SOLEDAD                                                               7 CU                                                                                                                   
      3030 JOSE MANUEL                                                           6 TEU                                                                                                                  

14 rows selected.

SQL> DELETE FROM PROFESOR
  2  WHERE DNI=4040;

1 row deleted.

SQL> DELETE FROM PROFESOR
  2  WHERE DNI=5050;

1 row deleted.

SQL> SELECT *
  2  FROM PROFESOR;

       DNI P                                                                   CAR CAT                                                                                                                  
---------- ------------------------------------------------------------ ---------- -----                                                                                                                
      1111 JUAN                                                                  6 CU                                                                                                                   
      2222 CARLOS                                                                7 TU                                                                                                                   
      3333 PEDRO                                                                 4 TEU                                                                                                                  
      4444 MARIA                                                                 7 TU                                                                                                                   
      5555 IVAN                                                                  1 CEU                                                                                                                  
      6666 CARMEN                                                                3 CD                                                                                                                   
      7777 MARIO                                                                 2 TU                                                                                                                   
      8888 FRANCISCO                                                             5 TU                                                                                                                   
      9999 ANGELA                                                                8 TEU                                                                                                                  
      1010 DAVID                                                                 4 TU                                                                                                                   
      2020 SOLEDAD                                                               7 CU                                                                                                                   

       DNI P                                                                   CAR CAT                                                                                                                  
---------- ------------------------------------------------------------ ---------- -----                                                                                                                
      3030 JOSE MANUEL                                                           6 TEU                                                                                                                  

12 rows selected.

SQL> SPOOL OFF
